<html>
<body>
<pre>
<h1>µVision Build Log</h1>
<h2>Project:</h2>
D:\Ema\College\2nd Electicity\Second Term\Introduction to Embedded\Keil 4\Galal Part\Microwave Project.uvproj
Project File Date:  05/25/2022

<h2>Output:</h2>
Rebuild target 'Target 1'
assembling startup_TM4C123.s...
compiling code.c...
keypad.h(7): warning:  #1295-D: Deprecated declaration keypad_init - give arg types
  void keypad_init();
keypad.h(10): warning:  #1295-D: Deprecated declaration checker - give arg types
  char checker();
keypad.h(11): warning:  #1-D: last line of file ends without a newline
  #endif
buttons.h(13): warning:  #1295-D: Deprecated declaration start_checker - give arg types
  char start_checker();
buttons.h(14): warning:  #1295-D: Deprecated declaration door_checker - give arg types
  char door_checker();  
buttons.h(15): warning:  #1295-D: Deprecated declaration clear_checker - give arg types
  char clear_checker();
buttons.h(17): warning:  #1295-D: Deprecated declaration enable_leds - give arg types
  void enable_leds();
buttons.h(18): warning:  #1295-D: Deprecated declaration disable_leds - give arg types
  void disable_leds();
buttons.h(20): warning:  #1295-D: Deprecated declaration enable_alarm - give arg types
  void enable_alarm();
buttons.h(21): warning:  #1295-D: Deprecated declaration disable_alarm - give arg types
  void disable_alarm();
buttons.h(23): warning:  #1-D: last line of file ends without a newline
  #endif
lcd.h(10): warning:  #1-D: last line of file ends without a newline
  #endif
code.c(16): warning:  #1295-D: Deprecated declaration end - give arg types
  void end();
code.c(103): warning:  #127-D: expected a statement
                                }
code.c: 14 warnings, 0 errors
compiling logic.c...
compiling keypad.c...
..\Report 4\keypad.h(7): warning:  #1295-D: Deprecated declaration keypad_init - give arg types
  void keypad_init();
..\Report 4\keypad.h(10): warning:  #1295-D: Deprecated declaration checker - give arg types
  char checker();
..\Report 4\keypad.h(11): warning:  #1-D: last line of file ends without a newline
  #endif
..\Report 4\LCD.h(10): warning:  #1-D: last line of file ends without a newline
  #endif
..\Report 4\buttons.h(13): warning:  #1295-D: Deprecated declaration start_checker - give arg types
  char start_checker();
..\Report 4\buttons.h(14): warning:  #1295-D: Deprecated declaration door_checker - give arg types
  char door_checker();  
..\Report 4\buttons.h(15): warning:  #1295-D: Deprecated declaration clear_checker - give arg types
  char clear_checker();
..\Report 4\buttons.h(17): warning:  #1295-D: Deprecated declaration enable_leds - give arg types
  void enable_leds();
..\Report 4\buttons.h(18): warning:  #1295-D: Deprecated declaration disable_leds - give arg types
  void disable_leds();
..\Report 4\buttons.h(20): warning:  #1295-D: Deprecated declaration enable_alarm - give arg types
  void enable_alarm();
..\Report 4\buttons.h(21): warning:  #1295-D: Deprecated declaration disable_alarm - give arg types
  void disable_alarm();
..\Report 4\buttons.h(23): warning:  #1-D: last line of file ends without a newline
  #endif
..\Report 4\keypad.c: 12 warnings, 0 errors
compiling buttons.c...
..\Report 4\buttons.h(13): warning:  #1295-D: Deprecated declaration start_checker - give arg types
  char start_checker();
..\Report 4\buttons.h(14): warning:  #1295-D: Deprecated declaration door_checker - give arg types
  char door_checker();  
..\Report 4\buttons.h(15): warning:  #1295-D: Deprecated declaration clear_checker - give arg types
  char clear_checker();
..\Report 4\buttons.h(17): warning:  #1295-D: Deprecated declaration enable_leds - give arg types
  void enable_leds();
..\Report 4\buttons.h(18): warning:  #1295-D: Deprecated declaration disable_leds - give arg types
  void disable_leds();
..\Report 4\buttons.h(20): warning:  #1295-D: Deprecated declaration enable_alarm - give arg types
  void enable_alarm();
..\Report 4\buttons.h(21): warning:  #1295-D: Deprecated declaration disable_alarm - give arg types
  void disable_alarm();
..\Report 4\buttons.h(23): warning:  #1-D: last line of file ends without a newline
  #endif
..\Report 4\buttons.c(53): warning:  #223-D: function "delay_micro" declared implicitly
        delay_micro(2);
..\Report 4\buttons.c(59): warning:  #223-D: function "delay_micro" declared implicitly
        delay_micro(2);
..\Report 4\buttons.c(64): warning:  #223-D: function "delay_micro" declared implicitly
        delay_micro(2);
..\Report 4\buttons.c(79): warning:  #1-D: last line of file ends without a newline
  }
..\Report 4\buttons.c: 12 warnings, 0 errors
compiling LCD.c...
..\Report 4\buttons.h(13): warning:  #1295-D: Deprecated declaration start_checker - give arg types
  char start_checker();
..\Report 4\buttons.h(14): warning:  #1295-D: Deprecated declaration door_checker - give arg types
  char door_checker();  
..\Report 4\buttons.h(15): warning:  #1295-D: Deprecated declaration clear_checker - give arg types
  char clear_checker();
..\Report 4\buttons.h(17): warning:  #1295-D: Deprecated declaration enable_leds - give arg types
  void enable_leds();
..\Report 4\buttons.h(18): warning:  #1295-D: Deprecated declaration disable_leds - give arg types
  void disable_leds();
..\Report 4\buttons.h(20): warning:  #1295-D: Deprecated declaration enable_alarm - give arg types
  void enable_alarm();
..\Report 4\buttons.h(21): warning:  #1295-D: Deprecated declaration disable_alarm - give arg types
  void disable_alarm();
..\Report 4\buttons.h(23): warning:  #1-D: last line of file ends without a newline
  #endif
..\Report 4\LCD.c(99): warning:  #1-D: last line of file ends without a newline
   }
..\Report 4\LCD.c: 9 warnings, 0 errors
linking...
Program Size: Code=3118 RO-data=654 RW-data=0 ZI-data=608  
".\Microwave Project.axf" - 0 Error(s), 47 Warning(s).
</pre>
</body>
</html>
