<html>
<body>
<pre>
<h1>µVision Build Log</h1>
<h2>Project:</h2>
C:\Users\user\Desktop\Micro_Wave_Project_47-main\Microwave Project.uvproj
Project File Date:  05/25/2022

<h2>Output:</h2>
Rebuild target 'Target 1'
assembling startup_TM4C123.s...
compiling code.c...
keypad.h(7): warning:  #1295-D: Deprecated declaration keypad_init - give arg types
  void keypad_init();
keypad.h(10): warning:  #1295-D: Deprecated declaration checker - give arg types
  char checker();
keypad.h(11): warning:  #1-D: last line of file ends without a newline
  #endif
buttons.h(13): warning:  #1295-D: Deprecated declaration start_checker - give arg types
  char start_checker();
buttons.h(14): warning:  #1295-D: Deprecated declaration door_checker - give arg types
  char door_checker();  
buttons.h(15): warning:  #1295-D: Deprecated declaration clear_checker - give arg types
  char clear_checker();
buttons.h(17): warning:  #1295-D: Deprecated declaration enable_leds - give arg types
  void enable_leds();
buttons.h(18): warning:  #1295-D: Deprecated declaration disable_leds - give arg types
  void disable_leds();
buttons.h(20): warning:  #1295-D: Deprecated declaration enable_alarm - give arg types
  void enable_alarm();
buttons.h(21): warning:  #1295-D: Deprecated declaration disable_alarm - give arg types
  void disable_alarm();
buttons.h(23): warning:  #1-D: last line of file ends without a newline
  #endif
lcd.h(10): warning:  #1-D: last line of file ends without a newline
  #endif
logic.h(11): warning:  #1-D: last line of file ends without a newline
  #endif
code.c(16): warning:  #1295-D: Deprecated declaration end - give arg types
  void end();
code.c(103): warning:  #1182-D: a declaration cannot have a label
                                                char phrase[]="Cooking Timer?";
code.c: 15 warnings, 0 errors
compiling logic.c...
logic.c(35): warning:  #940-D: missing return statement at end of non-void function "timeClear"
  }
logic.c(123): warning:  #1-D: last line of file ends without a newline
  }
logic.c: 2 warnings, 0 errors
compiling keypad.c...
keypad.h(7): warning:  #1295-D: Deprecated declaration keypad_init - give arg types
  void keypad_init();
keypad.h(10): warning:  #1295-D: Deprecated declaration checker - give arg types
  char checker();
keypad.h(11): warning:  #1-D: last line of file ends without a newline
  #endif
LCD.h(10): warning:  #1-D: last line of file ends without a newline
  #endif
buttons.h(13): warning:  #1295-D: Deprecated declaration start_checker - give arg types
  char start_checker();
buttons.h(14): warning:  #1295-D: Deprecated declaration door_checker - give arg types
  char door_checker();  
buttons.h(15): warning:  #1295-D: Deprecated declaration clear_checker - give arg types
  char clear_checker();
buttons.h(17): warning:  #1295-D: Deprecated declaration enable_leds - give arg types
  void enable_leds();
buttons.h(18): warning:  #1295-D: Deprecated declaration disable_leds - give arg types
  void disable_leds();
buttons.h(20): warning:  #1295-D: Deprecated declaration enable_alarm - give arg types
  void enable_alarm();
buttons.h(21): warning:  #1295-D: Deprecated declaration disable_alarm - give arg types
  void disable_alarm();
buttons.h(23): warning:  #1-D: last line of file ends without a newline
  #endif
keypad.c: 12 warnings, 0 errors
compiling buttons.c...
buttons.h(13): warning:  #1295-D: Deprecated declaration start_checker - give arg types
  char start_checker();
buttons.h(14): warning:  #1295-D: Deprecated declaration door_checker - give arg types
  char door_checker();  
buttons.h(15): warning:  #1295-D: Deprecated declaration clear_checker - give arg types
  char clear_checker();
buttons.h(17): warning:  #1295-D: Deprecated declaration enable_leds - give arg types
  void enable_leds();
buttons.h(18): warning:  #1295-D: Deprecated declaration disable_leds - give arg types
  void disable_leds();
buttons.h(20): warning:  #1295-D: Deprecated declaration enable_alarm - give arg types
  void enable_alarm();
buttons.h(21): warning:  #1295-D: Deprecated declaration disable_alarm - give arg types
  void disable_alarm();
buttons.h(23): warning:  #1-D: last line of file ends without a newline
  #endif
buttons.c(53): warning:  #223-D: function "delay_micro" declared implicitly
        delay_micro(2);
buttons.c(59): warning:  #223-D: function "delay_micro" declared implicitly
        delay_micro(2);
buttons.c(64): warning:  #223-D: function "delay_micro" declared implicitly
        delay_micro(2);
buttons.c(79): warning:  #1-D: last line of file ends without a newline
  }
buttons.c: 12 warnings, 0 errors
compiling LCD.c...
buttons.h(13): warning:  #1295-D: Deprecated declaration start_checker - give arg types
  char start_checker();
buttons.h(14): warning:  #1295-D: Deprecated declaration door_checker - give arg types
  char door_checker();  
buttons.h(15): warning:  #1295-D: Deprecated declaration clear_checker - give arg types
  char clear_checker();
buttons.h(17): warning:  #1295-D: Deprecated declaration enable_leds - give arg types
  void enable_leds();
buttons.h(18): warning:  #1295-D: Deprecated declaration disable_leds - give arg types
  void disable_leds();
buttons.h(20): warning:  #1295-D: Deprecated declaration enable_alarm - give arg types
  void enable_alarm();
buttons.h(21): warning:  #1295-D: Deprecated declaration disable_alarm - give arg types
  void disable_alarm();
buttons.h(23): warning:  #1-D: last line of file ends without a newline
  #endif
LCD.c(99): warning:  #1-D: last line of file ends without a newline
   }
LCD.c: 9 warnings, 0 errors
linking...
Program Size: Code=4082 RO-data=34 RW-data=0 ZI-data=1120  
".\Microwave Project.axf" - 0 Error(s), 50 Warning(s).
Clean started: Project: 'Microwave Project'
   deleting intermediate output files for target 'Target 1'
</pre>
</body>
</html>
